// Jest Snapshot v1, https://goo.gl/fbAQLP

exports[`Server-side rendering works: rendering all medias with CSS workaround 1`] = `"<div class=\\"LayoutEffectMedia__StyledDiv-sc-1ftt9jx-0 dhjLmB\\">This shows on and above sm</div><div class=\\"LayoutEffectMedia__StyledDiv-sc-1ftt9jx-0 fsJHMN\\">This shows below sm</div>"`;

exports[`useMedia hook: returns null if SSR 1`] = `"<div data-testid=\\"consumer\\">null</div>"`;
