// Jest Snapshot v1, https://goo.gl/fbAQLP

exports[`Server-side rendering works: rendering all medias with CSS workaround 1`] = `"<div class=\\"IsomorphicMedia__StyledDiv-qvvp3f-0 fjZVrq\\">This shows on and above sm</div><div class=\\"IsomorphicMedia__StyledDiv-qvvp3f-0 difbEy\\">This shows below sm</div>"`;

exports[`useMedia hook: returns null if SSR 1`] = `"<div data-testid=\\"consumer\\">null</div>"`;
